Detonating bomb at 2, 4
Detonating bomb at 2, 4
Detonating bomb at 2, 8
Detonating bomb at 2, 8
Detonating bomb at 4, 5
Detonating bomb at 4, 5
